[2026-08-14T12:37:21.382Z] GET http://localhost:3000/ → 200 (61ms, 35737B)
[2026-08-14T12:37:21.454Z] GET http://localhost:3000/_next/static/media/212f5d0d9b217258-s.p.woff2 → 200 (12ms, 56620B)
[2026-08-14T12:37:21.454Z] GET http://localhost:3000/_next/static/media/26d4368bf94c0ec4-s.p.woff2 → 200 (12ms, 40240B)
[2026-08-14T12:37:21.454Z] GET http://localhost:3000/_next/static/media/3377aa3d31f17ceb-s.p.woff2 → 200 (8ms, 56500B)
[2026-08-14T12:37:21.454Z] GET http://localhost:3000/_next/static/media/3a986e472914634a-s.p.woff2 → 200 (12ms, 13320B)
[2026-08-14T12:37:21.454Z] GET http://localhost:3000/_next/static/media/5ed06625a0f84640-s.p.woff2 → 200 (9ms, 14476B)
[2026-08-14T12:37:21.454Z] GET http://localhost:3000/_next/static/media/718dac34e33dcdc5-s.p.woff2 → 200 (12ms, 14240B)
[2026-08-14T12:37:21.454Z] GET http://localhost:3000/_next/static/media/98e207f02528a563-s.p.woff2 → 200 (12ms, 10060B)
[2026-08-14T12:37:21.454Z] GET http://localhost:3000/_next/static/media/b04c2e99edb07ce1-s.p.woff2 → 200 (13ms, 51892B)
[2026-08-14T12:37:21.454Z] GET http://localhost:3000/_next/static/media/d3ebbfd689654d3a-s.p.woff2 → 200 (13ms, 10052B)
[2026-08-14T12:37:21.454Z] GET http://localhost:3000/_next/static/media/fb407b189f36a608.p.woff2 → 200 (13ms, 58296B)
[2026-08-14T12:37:21.454Z] GET http://localhost:3000/logo-mark.svg → 200 (59ms, 2577B)
[2026-08-14T12:37:21.454Z] GET http://localhost:3000/_next/image?url=%2Fapp%2Fbooking-request.png&w=640&q=75 → 200 (105ms, 28744B)
[2026-08-14T12:37:21.454Z] GET http://localhost:3000/_next/static/css/app/layout.css?v=1786711041396 → 200 (47ms, 24085B)
[2026-08-14T12:37:21.454Z] GET http://localhost:3000/_next/static/chunks/webpack.js?v=1786711041396 → 200 (105ms, 28102B)
[2026-08-14T12:37:21.454Z] GET http://localhost:3000/_next/static/chunks/main-app.js?v=1786711041396 → 200 (205ms, 1759835B)
[2026-08-14T12:37:21.454Z] GET http://localhost:3000/_next/static/chunks/app-pages-internals.js → 200 (106ms, 62271B)
[2026-08-14T12:37:21.454Z] GET http://localhost:3000/_next/static/chunks/app/page.js → 200 (106ms, 154999B)
[2026-08-14T12:37:21.454Z] GET http://localhost:3000/_next/static/chunks/app/layout.js → 200 (106ms, 167714B)
[2026-08-14T12:37:21.558Z] GET http://localhost:3000/_next/static/media/92eeb95d069020cc-s.woff2 → 200 (53ms, 8860B)
[2026-08-14T12:37:21.558Z] GET http://localhost:3000/_next/image?url=%2Fapp%2Ffind-providers.png&w=640&q=75 → 200 (55ms, 25798B)
[2026-08-14T12:37:21.558Z] GET http://localhost:3000/_next/image?url=%2Fapp%2Fprovider-detail.png&w=640&q=75 → 200 (52ms, 30428B)
[2026-08-14T12:37:21.558Z] GET http://localhost:3000/_next/image?url=%2Fapp%2Fduty-otp.png&w=640&q=75 → 200 (50ms, 28232B)
[2026-08-14T12:37:21.559Z] GET http://localhost:3000/_next/image?url=%2Fapp%2Fbooking-purpose.png&w=640&q=75 → 200 (83ms, 36396B)
[2026-08-14T12:37:21.559Z] GET http://localhost:3000/_next/image?url=%2Fapp%2Fprovider-documents.png&w=640&q=75 → 200 (49ms, 17382B)
[2026-08-14T12:42:40.656Z] GET http://localhost:3000/ → 200 (121ms, 35744B)
[2026-08-14T12:42:40.780Z] GET http://localhost:3000/_next/static/media/212f5d0d9b217258-s.p.woff2 → 200 (7ms, 56620B)
[2026-08-14T12:42:40.780Z] GET http://localhost:3000/_next/static/media/26d4368bf94c0ec4-s.p.woff2 → 200 (7ms, 40240B)
[2026-08-14T12:42:40.780Z] GET http://localhost:3000/_next/static/media/3377aa3d31f17ceb-s.p.woff2 → 200 (8ms, 56500B)
[2026-08-14T12:42:40.780Z] GET http://localhost:3000/_next/static/media/3a986e472914634a-s.p.woff2 → 200 (8ms, 13320B)
[2026-08-14T12:42:40.780Z] GET http://localhost:3000/_next/static/media/5ed06625a0f84640-s.p.woff2 → 200 (9ms, 14476B)
[2026-08-14T12:42:40.780Z] GET http://localhost:3000/_next/static/media/718dac34e33dcdc5-s.p.woff2 → 200 (11ms, 14240B)
[2026-08-14T12:42:40.780Z] GET http://localhost:3000/_next/static/media/98e207f02528a563-s.p.woff2 → 200 (12ms, 10060B)
[2026-08-14T12:42:40.780Z] GET http://localhost:3000/_next/static/media/b04c2e99edb07ce1-s.p.woff2 → 200 (13ms, 51892B)
[2026-08-14T12:42:40.781Z] GET http://localhost:3000/_next/static/media/d3ebbfd689654d3a-s.p.woff2 → 200 (13ms, 10052B)
[2026-08-14T12:42:40.781Z] GET http://localhost:3000/_next/static/media/fb407b189f36a608.p.woff2 → 200 (17ms, 58296B)
[2026-08-14T12:42:40.781Z] GET http://localhost:3000/logo-mark.svg → 200 (65ms, 2577B)
[2026-08-14T12:42:40.782Z] GET http://localhost:3000/_next/image?url=%2Fapp%2Fbooking-request.webp&w=640&q=75 → 200 (136ms, 28860B)
[2026-08-14T12:42:40.782Z] GET http://localhost:3000/_next/static/css/app/layout.css?v=1786711360734 → 200 (10ms, 24085B)
[2026-08-14T12:42:40.782Z] GET http://localhost:3000/_next/static/chunks/webpack.js?v=1786711360734 → 200 (69ms, 28103B)
[2026-08-14T12:42:40.782Z] GET http://localhost:3000/_next/static/chunks/main-app.js?v=1786711360734 → pending (?ms, ?B)
[2026-08-14T12:42:40.782Z] GET http://localhost:3000/_next/static/chunks/app-pages-internals.js → 200 (100ms, 62271B)
[2026-08-14T12:42:40.782Z] GET http://localhost:3000/_next/static/chunks/app/page.js → 200 (118ms, 154999B)
[2026-08-14T12:42:40.782Z] GET http://localhost:3000/_next/static/chunks/app/layout.js → 200 (118ms, 167718B)
[2026-08-14T12:42:40.820Z] GET http://localhost:3000/_next/static/media/92eeb95d069020cc-s.woff2 → 200 (32ms, 8860B)
[2026-08-14T12:42:40.820Z] GET http://localhost:3000/_next/image?url=%2Fapp%2Ffind-providers.webp&w=640&q=75 → 200 (124ms, 25372B)
[2026-08-14T12:42:40.820Z] GET http://localhost:3000/_next/image?url=%2Fapp%2Fprovider-detail.webp&w=640&q=75 → 200 (133ms, 29704B)
[2026-08-14T12:42:40.820Z] GET http://localhost:3000/_next/image?url=%2Fapp%2Fduty-otp.webp&w=640&q=75 → 200 (140ms, 27700B)
[2026-08-14T12:42:40.820Z] GET http://localhost:3000/_next/image?url=%2Fapp%2Ffind-providers.webp&w=384&q=75 → 200 (134ms, 13090B)
[2026-08-14T12:42:40.822Z] GET http://localhost:3000/_next/image?url=%2Fapp%2Fbooking-purpose.webp&w=384&q=75 → 200 (155ms, 17838B)
[2026-08-14T12:42:40.822Z] GET http://localhost:3000/_next/image?url=%2Fapp%2Fprovider-documents.webp&w=384&q=75 → 200 (161ms, 8876B)
[2026-08-14T12:42:40.822Z] GET http://localhost:3000/_next/image?url=%2Fapp%2Fprovider-detail.webp&w=384&q=75 → 200 (167ms, 14742B)
[2026-08-14T12:42:41.029Z] GET http://localhost:3000/ → 200 (42ms, 35745B)
[2026-08-14T12:42:41.074Z] GET http://localhost:3000/_next/static/media/212f5d0d9b217258-s.p.woff2 → 200 (?ms, -300B)
[2026-08-14T12:42:41.075Z] GET http://localhost:3000/_next/static/media/26d4368bf94c0ec4-s.p.woff2 → 200 (?ms, -300B)
[2026-08-14T12:42:41.075Z] GET http://localhost:3000/_next/static/media/3377aa3d31f17ceb-s.p.woff2 → 200 (?ms, -300B)
[2026-08-14T12:42:41.075Z] GET http://localhost:3000/_next/static/media/3a986e472914634a-s.p.woff2 → 200 (?ms, -300B)
[2026-08-14T12:42:41.075Z] GET http://localhost:3000/_next/static/media/5ed06625a0f84640-s.p.woff2 → 200 (?ms, -300B)
[2026-08-14T12:42:41.075Z] GET http://localhost:3000/_next/static/media/718dac34e33dcdc5-s.p.woff2 → 200 (1ms, -300B)
[2026-08-14T12:42:41.076Z] GET http://localhost:3000/_next/static/media/98e207f02528a563-s.p.woff2 → 200 (?ms, -300B)
[2026-08-14T12:42:41.076Z] GET http://localhost:3000/_next/static/media/b04c2e99edb07ce1-s.p.woff2 → 200 (?ms, -300B)
[2026-08-14T12:42:41.077Z] GET http://localhost:3000/_next/static/media/d3ebbfd689654d3a-s.p.woff2 → 200 (?ms, -300B)
[2026-08-14T12:42:41.077Z] GET http://localhost:3000/_next/static/media/fb407b189f36a608.p.woff2 → 200 (?ms, -300B)
[2026-08-14T12:42:41.077Z] GET http://localhost:3000/logo-mark.svg → 304 (3ms, ?B)
[2026-08-14T12:42:41.079Z] GET http://localhost:3000/_next/image?url=%2Fapp%2Fbooking-request.webp&w=640&q=75 → 304 (7ms, ?B)
[2026-08-14T12:42:41.079Z] GET http://localhost:3000/_next/static/css/app/layout.css?v=1786711361033 → 200 (6ms, 24085B)
[2026-08-14T12:42:41.079Z] GET http://localhost:3000/_next/static/chunks/webpack.js?v=1786711361033 → 200 (20ms, 28103B)
[2026-08-14T12:42:41.079Z] GET http://localhost:3000/_next/static/chunks/main-app.js?v=1786711361033 → 200 (215ms, 1759835B)
[2026-08-14T12:42:41.079Z] GET http://localhost:3000/_next/static/chunks/app-pages-internals.js → 200 (23ms, 62271B)
[2026-08-14T12:42:41.079Z] GET http://localhost:3000/_next/static/chunks/app/page.js → 200 (36ms, 154999B)
[2026-08-14T12:42:41.079Z] GET http://localhost:3000/_next/static/chunks/app/layout.js → 200 (38ms, 167718B)
[2026-08-14T12:42:41.098Z] GET http://localhost:3000/_next/static/media/92eeb95d069020cc-s.woff2 → 200 (?ms, -299B)
[2026-08-14T12:42:41.098Z] GET http://localhost:3000/_next/image?url=%2Fapp%2Ffind-providers.webp&w=640&q=75 → 304 (6ms, ?B)
[2026-08-14T12:42:41.098Z] GET http://localhost:3000/_next/image?url=%2Fapp%2Fprovider-detail.webp&w=640&q=75 → 304 (8ms, ?B)
[2026-08-14T12:42:41.098Z] GET http://localhost:3000/_next/image?url=%2Fapp%2Fduty-otp.webp&w=640&q=75 → 304 (10ms, ?B)
[2026-08-14T12:42:41.099Z] GET http://localhost:3000/_next/image?url=%2Fapp%2Ffind-providers.webp&w=384&q=75 → 304 (11ms, ?B)
[2026-08-14T12:42:41.099Z] GET http://localhost:3000/_next/image?url=%2Fapp%2Fbooking-purpose.webp&w=384&q=75 → 304 (13ms, ?B)
[2026-08-14T12:42:41.099Z] GET http://localhost:3000/_next/image?url=%2Fapp%2Fprovider-documents.webp&w=384&q=75 → 304 (14ms, ?B)
[2026-08-14T12:42:41.099Z] GET http://localhost:3000/_next/image?url=%2Fapp%2Fprovider-detail.webp&w=384&q=75 → 304 (15ms, ?B)
[2026-08-14T12:43:09.826Z] GET http://localhost:3000/_next/static/webpack/ae133c90d81ff804.webpack.hot-update.json → 200 (5ms, 31B)
[2026-08-14T12:43:09.831Z] GET http://localhost:3000/_next/static/webpack/webpack.ae133c90d81ff804.hot-update.js → 200 (5ms, 784B)
